// Jest Snapshot v1, https://goo.gl/fbAQLP

exports[`Making test with HookApp Component Write Snapshot 1`] = `
<div>
  <h1>
    Hola Mundo
  </h1>
</div>
`;
