// Jest Snapshot v1, https://goo.gl/fbAQLP

exports[`Test HomeScreen component Test HomeScreen must be match snapshot 1`] = `
<div>
  <h1>
    Home Screen
  </h1>
  <p>
    Welcome 
    Fidel Lascano
  </p>
</div>
`;
